[pixfort.com/item/megapack/marketing.html]
[backblue.gif]
[fade.gif]
[index.html]
[pixfort.com/core/images/favicon.png]
[pixfort.com/items/1/css/bootstrap.css]
[pixfort.com/items/1/css/font-awesome.min.css]
[pixfort.com/items/1/css/jquery.fancybox.min.css]
[pixfort.com/items/1/css/pix_style.css]
[pixfort.com/items/1/css/main.css]
[pixfort.com/items/1/css/font-style.css]
[pixfort.com/items/1/css/animations.min.css]
[pixfort.com/item/megapack/images/main/logo-md.png]
[pixfort.com/item/megapack/images/clients/bigcommerce.png]
[pixfort.com/item/megapack/images/clients/foursquare.png]
[pixfort.com/item/megapack/images/clients/popsugar.png]
[pixfort.com/item/megapack/images/clients/surveymonkey.png]
[pixfort.com/item/megapack/images/marketing/image-promo-left.png]
[pixfort.com/item/megapack/images/startup/client-1.jpg]
[pixfort.com/item/megapack/images/startup/client-2.jpg]
[pixfort.com/items/1/js/jquery-1.11.2.js]
[pixfort.com/items/1/js/jquery-ui.js]
[pixfort.com/items/1/js/bootstrap.js]
[pixfort.com/items/1/js/velocity.min.js]
[pixfort.com/items/1/js/velocity.ui.min.js]
[pixfort.com/items/1/js/appear.min.js]
[pixfort.com/items/1/js/animations.min.js]
[pixfort.com/items/1/js/pluginsf700.js]
[pixfort.com/items/1/js/jquery.fancybox.min.js]
[pixfort.com/item/megapack/marketing.html]
[pixfort.com/items/1/js_demo/custom-demo0ff5.js]
[pixfort.com/items/1/css/fonts/glyphicons-halflings-regular.eot]
[pixfort.com/items/1/css/fonts/glyphicons-halflings-regulard41d.eot]
[pixfort.com/items/1/css/fonts/glyphicons-halflings-regular.woff]
[pixfort.com/items/1/css/fonts/glyphicons-halflings-regular.ttf]
[pixfort.com/items/1/css/bootstrap.css]
[pixfort.com/items/1/css/font-awesome.min.css]
[pixfort.com/items/1/css/jquery.fancybox.min.css]
[pixfort.com/items/1/css/pix_style.css]
[pixfort.com/items/1/images/real_estate/intro-bg.jpg]
[pixfort.com/items/1/images/original/bg-image.jpg]
[pixfort.com/items/1/images/startup/intro-bg.jpg]
[pixfort.com/items/1/images/startup/image-1.png]
[pixfort.com/items/1/images/startup/image-2.png]
[pixfort.com/items/1/images/product/bg-video-product.jpg]
[pixfort.com/items/1/images/saas/bg-intro.png]
[pixfort.com/items/1/images/real_estate/bg-highlight-left.jpg]
[pixfort.com/items/1/images/agency/bg-intro-agency.jpg]
[pixfort.com/items/1/images/agency/image-box-1.png]
[pixfort.com/items/1/images/agency/image-box-2.png]
[pixfort.com/items/1/images/agency/image-box-3.png]
[pixfort.com/items/1/images/showcase/bg-intro.jpg]
[pixfort.com/items/1/images/showcase/bg-highlight-left.jpg]
[pixfort.com/items/1/images/showcase/bg-highlight-right.jpg]
[pixfort.com/items/1/images/corporate/bg.jpg]
[pixfort.com/items/1/images/corporate/bg-highlight-right.jpg]
[pixfort.com/items/1/images/business/bg-intro.jpg]
[pixfort.com/items/1/images/business/video-section-bg.jpg]
[pixfort.com/items/1/images/seo/seo-intro-bg.png]
[pixfort.com/items/1/images/shop/shop-intro-image.png]
[pixfort.com/items/1/images/medical/bg-intro.jpg]
[pixfort.com/items/1/images/creative/bg-intro-creative.jpg]
[pixfort.com/items/1/images/creative/bg-clients-section.jpg]
[pixfort.com/items/1/images/creative/bg-video-section.jpg]
[pixfort.com/items/1/images/sport/intro-bg-stade.jpg]
[pixfort.com/items/1/images/sport/form-section-bg.jpg]
[pixfort.com/items/1/images/car_rental/car-rental-intro-bg.png]
[pixfort.com/items/1/images/car_rental/bg-highlight-left.jpg]
[pixfort.com/items/1/images/restaurant/intro-bg.jpg]
[pixfort.com/items/1/images/restaurant/highlight-bg.jpg]
[pixfort.com/items/1/images/software/intro-bg.jpg]
[pixfort.com/items/1/images/elegant/intro-bg.png]
[pixfort.com/items/1/images/travel/intro-bg-3.jpg]
[pixfort.com/items/1/images/travel/intro-bg.jpg]
[pixfort.com/items/1/images/ebook/intro-bg-ebook.jpg]
[pixfort.com/items/1/images/construction/main.jpg]
[pixfort.com/items/1/images/app/pattern-bg.png]
[pixfort.com/items/1/images/event/intro-bg.jpg]
[pixfort.com/items/1/images/company/intro-company-pattern.png]
[pixfort.com/items/1/images/deal/intro-pattern.png]
[pixfort.com/items/1/images/deal/newsletter-pattern.png]
[pixfort.com/items/1/images/hotel/intro-bg-hotel.jpg]
[pixfort.com/items/1/images/hotel/box-bg.jpg]
[pixfort.com/items/1/images/modern/intro-modern-bg.jpg]
[pixfort.com/items/1/images/studio/studio-intro.jpg]
[pixfort.com/items/1/images/studio/studio-form-bg.jpg]
[pixfort.com/items/1/images/studio/studio-testimonials-bg.jpg]
[pixfort.com/items/1/images/popups/popup-16.jpg]
[pixfort.com/items/1/images/popups/popup-17.jpg]
[pixfort.com/items/1/images/popups/popup-18.jpg]
[pixfort.com/items/1/images/main/newsletter-pattern.png]
[pixfort.com/items/1/css/main.css]
[pixfort.com/items/1/css/fonts/MEGAPACK68c4.eot]
[pixfort.com/items/1/css/fonts/MEGAPACK68c4.ttf]
[pixfort.com/items/1/css/fonts/MEGAPACK68c4.woff]
[pixfort.com/items/1/css/font-style.css]
[pixfort.com/items/1/css/animations.min.css]
[pixfort.com/items/1/css/fonts/glyphicons-halflings-regular.svg]
[pixfort.com/items/1/images/bg.html]
[pixfort.com/items/1/images/coming_soon/coming-soon-intro.html]
[pixfort.com/items/1/css/fonts/MEGAPACK68c4.svg]
